Product: MDK-ARM Lite 5.10
Component: ARM Compiler 5.04 update 1 (build 49)
Tool: armlink [5040049]

==============================================================================

Section Cross References

    main.o(.text) refers to misc.o(.text) for NVIC_PriorityGroupConfig
    main.o(.text) refers to stm32f10x_tim.o(.text) for TIM_TimeBaseStructInit
    main.o(.text) refers to stm32f10x_gpio.o(.text) for GPIO_StructInit
    main.o(.text) refers to stm32f10x_exti.o(.text) for EXTI_Init
    main.o(.text) refers to stm32f10x_rcc.o(.text) for RCC_APB1PeriphClockCmd
    main.o(.text) refers to main.o(.bss) for caidat_chung_TIM
    main.o(.text) refers to main.o(.data) for caidat_GPIO
    system_stm32f10x.o(.text) refers to system_stm32f10x.o(.data) for SystemCoreClock
    stm32f10x_tim.o(.text) refers to stm32f10x_rcc.o(.text) for RCC_APB2PeriphResetCmd
    stm32f10x_gpio.o(.text) refers to stm32f10x_rcc.o(.text) for RCC_APB2PeriphResetCmd
    stm32f10x_rcc.o(.text) refers to stm32f10x_rcc.o(.data) for APBAHBPrescTable
    startup_stm32f10x_md_vl.o(STACK) refers (Special) to heapauxi.o(.text) for __use_two_region_memory
    startup_stm32f10x_md_vl.o(HEAP) refers (Special) to heapauxi.o(.text) for __use_two_region_memory
    startup_stm32f10x_md_vl.o(RESET) refers (Special) to heapauxi.o(.text) for __use_two_region_memory
    startup_stm32f10x_md_vl.o(RESET) refers to startup_stm32f10x_md_vl.o(STACK) for __initial_sp
    startup_stm32f10x_md_vl.o(RESET) refers to startup_stm32f10x_md_vl.o(.text) for Reset_Handler
    startup_stm32f10x_md_vl.o(RESET) refers to stm32f10x_it.o(.text) for NMI_Handler
    startup_stm32f10x_md_vl.o(RESET) refers to main.o(.text) for EXTI1_IRQHandler
    startup_stm32f10x_md_vl.o(.text) refers (Special) to heapauxi.o(.text) for __use_two_region_memory
    startup_stm32f10x_md_vl.o(.text) refers to system_stm32f10x.o(.text) for SystemInit
    startup_stm32f10x_md_vl.o(.text) refers to __main.o(!!!main) for __main
    startup_stm32f10x_md_vl.o(.text) refers to startup_stm32f10x_md_vl.o(HEAP) for Heap_Mem
    startup_stm32f10x_md_vl.o(.text) refers to startup_stm32f10x_md_vl.o(STACK) for Stack_Mem
    __main.o(!!!main) refers to rtentry.o(.ARM.Collect$$rtentry$$00000000) for __rt_entry
    rtentry.o(.ARM.Collect$$rtentry$$00000000) refers (Special) to rtentry2.o(.ARM.Collect$$rtentry$$0000000A) for __rt_entry_li
    rtentry.o(.ARM.Collect$$rtentry$$00000000) refers (Special) to rtentry2.o(.ARM.Collect$$rtentry$$0000000D) for __rt_entry_main
    rtentry.o(.ARM.Collect$$rtentry$$00000000) refers (Special) to rtentry2.o(.ARM.Collect$$rtentry$$0000000C) for __rt_entry_postli_1
    rtentry.o(.ARM.Collect$$rtentry$$00000000) refers (Special) to rtentry2.o(.ARM.Collect$$rtentry$$00000009) for __rt_entry_postsh_1
    rtentry.o(.ARM.Collect$$rtentry$$00000000) refers (Special) to rtentry2.o(.ARM.Collect$$rtentry$$00000002) for __rt_entry_presh_1
    rtentry.o(.ARM.Collect$$rtentry$$00000000) refers (Special) to rtentry4.o(.ARM.Collect$$rtentry$$00000004) for __rt_entry_sh
    rtentry2.o(.ARM.Collect$$rtentry$$00000008) refers to boardinit2.o(.text) for _platform_post_stackheap_init
    rtentry2.o(.ARM.Collect$$rtentry$$0000000A) refers to libinit.o(.ARM.Collect$$libinit$$00000000) for __rt_lib_init
    rtentry2.o(.ARM.Collect$$rtentry$$0000000B) refers to boardinit3.o(.text) for _platform_post_lib_init
    rtentry2.o(.ARM.Collect$$rtentry$$0000000D) refers to main.o(.text) for main
    rtentry2.o(.ARM.Collect$$rtentry$$0000000D) refers to exit.o(.text) for exit
    rtentry2.o(.ARM.exidx) refers to rtentry2.o(.ARM.Collect$$rtentry$$00000001) for .ARM.Collect$$rtentry$$00000001
    rtentry2.o(.ARM.exidx) refers to rtentry2.o(.ARM.Collect$$rtentry$$00000008) for .ARM.Collect$$rtentry$$00000008
    rtentry2.o(.ARM.exidx) refers to rtentry2.o(.ARM.Collect$$rtentry$$0000000A) for .ARM.Collect$$rtentry$$0000000A
    rtentry2.o(.ARM.exidx) refers to rtentry2.o(.ARM.Collect$$rtentry$$0000000B) for .ARM.Collect$$rtentry$$0000000B
    rtentry2.o(.ARM.exidx) refers to rtentry2.o(.ARM.Collect$$rtentry$$0000000D) for .ARM.Collect$$rtentry$$0000000D
    rtentry4.o(.ARM.Collect$$rtentry$$00000004) refers to sys_stackheap_outer.o(.text) for __user_setup_stackheap
    rtentry4.o(.ARM.exidx) refers to rtentry4.o(.ARM.Collect$$rtentry$$00000004) for .ARM.Collect$$rtentry$$00000004
    sys_stackheap_outer.o(.text) refers to libspace.o(.text) for __user_perproc_libspace
    sys_stackheap_outer.o(.text) refers to startup_stm32f10x_md_vl.o(.text) for __user_initial_stackheap
    exit.o(.text) refers to rtexit.o(.ARM.Collect$$rtexit$$00000000) for __rt_exit
    libinit.o(.ARM.Collect$$libinit$$00000000) refers (Special) to libinit2.o(.ARM.Collect$$libinit$$0000002C) for __rt_lib_init_alloca_1
    libinit.o(.ARM.Collect$$libinit$$00000000) refers (Special) to libinit2.o(.ARM.Collect$$libinit$$0000002A) for __rt_lib_init_argv_1
    libinit.o(.ARM.Collect$$libinit$$00000000) refers (Special) to libinit2.o(.ARM.Collect$$libinit$$00000019) for __rt_lib_init_atexit_1
    libinit.o(.ARM.Collect$$libinit$$00000000) refers (Special) to libinit2.o(.ARM.Collect$$libinit$$0000001F) for __rt_lib_init_clock_1
    libinit.o(.ARM.Collect$$libinit$$00000000) refers (Special) to libinit2.o(.ARM.Collect$$libinit$$00000030) for __rt_lib_init_cpp_1
    libinit.o(.ARM.Collect$$libinit$$00000000) refers (Special) to libinit2.o(.ARM.Collect$$libinit$$0000002E) for __rt_lib_init_exceptions_1
    libinit.o(.ARM.Collect$$libinit$$00000000) refers (Special) to libinit2.o(.ARM.Collect$$libinit$$00000002) for __rt_lib_init_fp_1
    libinit.o(.ARM.Collect$$libinit$$00000000) refers (Special) to libinit2.o(.ARM.Collect$$libinit$$0000001D) for __rt_lib_init_fp_trap_1
    libinit.o(.ARM.Collect$$libinit$$00000000) refers (Special) to libinit2.o(.ARM.Collect$$libinit$$00000021) for __rt_lib_init_getenv_1
    libinit.o(.ARM.Collect$$libinit$$00000000) refers (Special) to libinit2.o(.ARM.Collect$$libinit$$00000008) for __rt_lib_init_heap_1
    libinit.o(.ARM.Collect$$libinit$$00000000) refers (Special) to libinit2.o(.ARM.Collect$$libinit$$0000000F) for __rt_lib_init_lc_collate_1
    libinit.o(.ARM.Collect$$libinit$$00000000) refers (Special) to libinit2.o(.ARM.Collect$$libinit$$00000011) for __rt_lib_init_lc_ctype_1
    libinit.o(.ARM.Collect$$libinit$$00000000) refers (Special) to libinit2.o(.ARM.Collect$$libinit$$00000013) for __rt_lib_init_lc_monetary_1
    libinit.o(.ARM.Collect$$libinit$$00000000) refers (Special) to libinit2.o(.ARM.Collect$$libinit$$00000015) for __rt_lib_init_lc_numeric_1
    libinit.o(.ARM.Collect$$libinit$$00000000) refers (Special) to libinit2.o(.ARM.Collect$$libinit$$00000017) for __rt_lib_init_lc_time_1
    libinit.o(.ARM.Collect$$libinit$$00000000) refers (Special) to libinit2.o(.ARM.Collect$$libinit$$0000000C) for __rt_lib_init_rand_1
    libinit.o(.ARM.Collect$$libinit$$00000000) refers (Special) to libinit2.o(.ARM.Collect$$libinit$$00000031) for __rt_lib_init_return
    libinit.o(.ARM.Collect$$libinit$$00000000) refers (Special) to libinit2.o(.ARM.Collect$$libinit$$0000001B) for __rt_lib_init_signal_1
    libinit.o(.ARM.Collect$$libinit$$00000000) refers (Special) to libinit2.o(.ARM.Collect$$libinit$$00000023) for __rt_lib_init_stdio_1
    libinit.o(.ARM.Collect$$libinit$$00000000) refers (Special) to libinit2.o(.ARM.Collect$$libinit$$0000000A) for __rt_lib_init_user_alloc_1
    libspace.o(.text) refers to libspace.o(.bss) for __libspace_start
    rtexit.o(.ARM.Collect$$rtexit$$00000000) refers (Special) to rtexit2.o(.ARM.Collect$$rtexit$$00000004) for __rt_exit_exit
    rtexit.o(.ARM.Collect$$rtexit$$00000000) refers (Special) to rtexit2.o(.ARM.Collect$$rtexit$$00000003) for __rt_exit_ls
    rtexit.o(.ARM.Collect$$rtexit$$00000000) refers (Special) to rtexit2.o(.ARM.Collect$$rtexit$$00000002) for __rt_exit_prels_1
    rtexit.o(.ARM.exidx) refers (Special) to rtexit2.o(.ARM.Collect$$rtexit$$00000004) for __rt_exit_exit
    rtexit.o(.ARM.exidx) refers (Special) to rtexit2.o(.ARM.Collect$$rtexit$$00000003) for __rt_exit_ls
    rtexit.o(.ARM.exidx) refers (Special) to rtexit2.o(.ARM.Collect$$rtexit$$00000002) for __rt_exit_prels_1
    rtexit.o(.ARM.exidx) refers to rtexit.o(.ARM.Collect$$rtexit$$00000000) for .ARM.Collect$$rtexit$$00000000
    libinit2.o(.ARM.Collect$$libinit$$0000000E) refers to libinit2.o(.ARM.Collect$$libinit$$0000000D) for .ARM.Collect$$libinit$$0000000D
    libinit2.o(.ARM.Collect$$libinit$$00000010) refers to libinit2.o(.ARM.Collect$$libinit$$0000000D) for .ARM.Collect$$libinit$$0000000D
    libinit2.o(.ARM.Collect$$libinit$$00000012) refers to libinit2.o(.ARM.Collect$$libinit$$0000000D) for .ARM.Collect$$libinit$$0000000D
    libinit2.o(.ARM.Collect$$libinit$$00000014) refers to libinit2.o(.ARM.Collect$$libinit$$0000000D) for .ARM.Collect$$libinit$$0000000D
    libinit2.o(.ARM.Collect$$libinit$$00000016) refers to libinit2.o(.ARM.Collect$$libinit$$0000000D) for .ARM.Collect$$libinit$$0000000D
    libinit2.o(.ARM.Collect$$libinit$$00000024) refers to argv_veneer.o(.emb_text) for __ARM_argv_veneer
    libinit2.o(.ARM.Collect$$libinit$$00000025) refers to argv_veneer.o(.emb_text) for __ARM_argv_veneer
    rtexit2.o(.ARM.Collect$$rtexit$$00000003) refers to libshutdown.o(.ARM.Collect$$libshutdown$$00000000) for __rt_lib_shutdown
    rtexit2.o(.ARM.Collect$$rtexit$$00000004) refers to sys_exit.o(.text) for _sys_exit
    rtexit2.o(.ARM.exidx) refers to rtexit2.o(.ARM.Collect$$rtexit$$00000001) for .ARM.Collect$$rtexit$$00000001
    rtexit2.o(.ARM.exidx) refers to rtexit2.o(.ARM.Collect$$rtexit$$00000003) for .ARM.Collect$$rtexit$$00000003
    rtexit2.o(.ARM.exidx) refers to rtexit2.o(.ARM.Collect$$rtexit$$00000004) for .ARM.Collect$$rtexit$$00000004
    argv_veneer.o(.emb_text) refers to no_argv.o(.text) for __ARM_get_argv
    sys_exit.o(.text) refers (Special) to use_no_semi.o(.text) for __I$use$semihosting
    sys_exit.o(.text) refers (Special) to indicate_semi.o(.text) for __semihosting_library_function
    _get_argv_nomalloc.o(.text) refers (Special) to hrguard.o(.text) for __heap_region$guard
    _get_argv_nomalloc.o(.text) refers to defsig_rtmem_outer.o(.text) for __rt_SIGRTMEM
    _get_argv_nomalloc.o(.text) refers to sys_command.o(.text) for _sys_command_string
    libshutdown.o(.ARM.Collect$$libshutdown$$00000000) refers (Special) to libshutdown2.o(.ARM.Collect$$libshutdown$$00000006) for __rt_lib_shutdown_fp_trap_1
    libshutdown.o(.ARM.Collect$$libshutdown$$00000000) refers (Special) to libshutdown2.o(.ARM.Collect$$libshutdown$$0000000E) for __rt_lib_shutdown_heap_1
    libshutdown.o(.ARM.Collect$$libshutdown$$00000000) refers (Special) to libshutdown2.o(.ARM.Collect$$libshutdown$$0000000F) for __rt_lib_shutdown_return
    libshutdown.o(.ARM.Collect$$libshutdown$$00000000) refers (Special) to libshutdown2.o(.ARM.Collect$$libshutdown$$00000009) for __rt_lib_shutdown_signal_1
    libshutdown.o(.ARM.Collect$$libshutdown$$00000000) refers (Special) to libshutdown2.o(.ARM.Collect$$libshutdown$$00000003) for __rt_lib_shutdown_stdio_1
    libshutdown.o(.ARM.Collect$$libshutdown$$00000000) refers (Special) to libshutdown2.o(.ARM.Collect$$libshutdown$$0000000B) for __rt_lib_shutdown_user_alloc_1
    sys_command.o(.text) refers (Special) to use_no_semi.o(.text) for __I$use$semihosting
    sys_command.o(.text) refers (Special) to indicate_semi.o(.text) for __semihosting_library_function
    defsig_rtmem_outer.o(.text) refers to defsig_rtmem_inner.o(.text) for __rt_SIGRTMEM_inner
    defsig_rtmem_outer.o(.text) refers to defsig_exit.o(.text) for __sig_exit
    defsig_rtmem_formal.o(.text) refers to rt_raise.o(.text) for __rt_raise
    rt_raise.o(.text) refers to __raise.o(.text) for __raise
    rt_raise.o(.text) refers to sys_exit.o(.text) for _sys_exit
    defsig_exit.o(.text) refers to sys_exit.o(.text) for _sys_exit
    defsig_rtmem_inner.o(.text) refers to defsig_general.o(.text) for __default_signal_display
    __raise.o(.text) refers to defsig.o(CL$$defsig) for __default_signal_handler
    defsig_general.o(.text) refers to sys_wrch.o(.text) for _ttywrch
    sys_wrch.o(.text) refers (Special) to use_no_semi.o(.text) for __I$use$semihosting
    sys_wrch.o(.text) refers (Special) to indicate_semi.o(.text) for __semihosting_library_function
    defsig.o(CL$$defsig) refers to defsig_rtmem_inner.o(.text) for __rt_SIGRTMEM_inner
    defsig_abrt_inner.o(.text) refers to defsig_general.o(.text) for __default_signal_display
    defsig_fpe_inner.o(.text) refers to defsig_general.o(.text) for __default_signal_display
    defsig_rtred_inner.o(.text) refers to defsig_general.o(.text) for __default_signal_display
    defsig_stak_inner.o(.text) refers to defsig_general.o(.text) for __default_signal_display
    defsig_pvfn_inner.o(.text) refers to defsig_general.o(.text) for __default_signal_display
    defsig_cppl_inner.o(.text) refers to defsig_general.o(.text) for __default_signal_display
    defsig_segv_inner.o(.text) refers to defsig_general.o(.text) for __default_signal_display
    defsig_other.o(.text) refers to defsig_general.o(.text) for __default_signal_display


==============================================================================

Removing Unused input sections from the image.

    Removing core_cm3.o(.emb_text), (32 bytes).

1 unused section(s) (total 32 bytes) removed from the image.

==============================================================================

Image Symbol Table

    Local Symbols

    Symbol Name                              Value     Ov Type        Size  Object(Section)

    ../clib/angel/boardlib.s                 0x00000000   Number         0  boardinit3.o ABSOLUTE
    ../clib/angel/boardlib.s                 0x00000000   Number         0  boardinit2.o ABSOLUTE
    ../clib/angel/boardlib.s                 0x00000000   Number         0  boardinit1.o ABSOLUTE
    ../clib/angel/boardlib.s                 0x00000000   Number         0  boardshut.o ABSOLUTE
    ../clib/angel/dczerorl2.s                0x00000000   Number         0  __dczerorl2.o ABSOLUTE
    ../clib/angel/handlers.s                 0x00000000   Number         0  __scatter_zi.o ABSOLUTE
    ../clib/angel/kernel.s                   0x00000000   Number         0  rtexit2.o ABSOLUTE
    ../clib/angel/kernel.s                   0x00000000   Number         0  rtexit.o ABSOLUTE
    ../clib/angel/kernel.s                   0x00000000   Number         0  rtentry.o ABSOLUTE
    ../clib/angel/kernel.s                   0x00000000   Number         0  rtentry4.o ABSOLUTE
    ../clib/angel/kernel.s                   0x00000000   Number         0  rtentry2.o ABSOLUTE
    ../clib/angel/rt.s                       0x00000000   Number         0  rt_raise.o ABSOLUTE
    ../clib/angel/scatter.s                  0x00000000   Number         0  __scatter.o ABSOLUTE
    ../clib/angel/startup.s                  0x00000000   Number         0  __main.o ABSOLUTE
    ../clib/angel/sys.s                      0x00000000   Number         0  libspace.o ABSOLUTE
    ../clib/angel/sys.s                      0x00000000   Number         0  indicate_semi.o ABSOLUTE
    ../clib/angel/sys.s                      0x00000000   Number         0  use_no_semi.o ABSOLUTE
    ../clib/angel/sys.s                      0x00000000   Number         0  sys_stackheap_outer.o ABSOLUTE
    ../clib/angel/sysapp.c                   0x00000000   Number         0  sys_wrch.o ABSOLUTE
    ../clib/angel/sysapp.c                   0x00000000   Number         0  sys_command.o ABSOLUTE
    ../clib/angel/sysapp.c                   0x00000000   Number         0  sys_exit.o ABSOLUTE
    ../clib/armsys.c                         0x00000000   Number         0  argv_veneer.o ABSOLUTE
    ../clib/armsys.c                         0x00000000   Number         0  argv_veneer.o ABSOLUTE
    ../clib/armsys.c                         0x00000000   Number         0  no_argv.o ABSOLUTE
    ../clib/armsys.c                         0x00000000   Number         0  _get_argv_nomalloc.o ABSOLUTE
    ../clib/heapalloc.c                      0x00000000   Number         0  hrguard.o ABSOLUTE
    ../clib/heapaux.c                        0x00000000   Number         0  heapauxi.o ABSOLUTE
    ../clib/libinit.s                        0x00000000   Number         0  libinit.o ABSOLUTE
    ../clib/libinit.s                        0x00000000   Number         0  libinit2.o ABSOLUTE
    ../clib/libinit.s                        0x00000000   Number         0  libshutdown.o ABSOLUTE
    ../clib/libinit.s                        0x00000000   Number         0  libshutdown2.o ABSOLUTE
    ../clib/signal.c                         0x00000000   Number         0  defsig_general.o ABSOLUTE
    ../clib/signal.c                         0x00000000   Number         0  defsig_rtmem_inner.o ABSOLUTE
    ../clib/signal.c                         0x00000000   Number         0  __raise.o ABSOLUTE
    ../clib/signal.c                         0x00000000   Number         0  defsig_rtmem_outer.o ABSOLUTE
    ../clib/signal.c                         0x00000000   Number         0  defsig_rtmem_formal.o ABSOLUTE
    ../clib/signal.c                         0x00000000   Number         0  defsig_stak_inner.o ABSOLUTE
    ../clib/signal.c                         0x00000000   Number         0  defsig_abrt_inner.o ABSOLUTE
    ../clib/signal.c                         0x00000000   Number         0  defsig_fpe_inner.o ABSOLUTE
    ../clib/signal.c                         0x00000000   Number         0  defsig_pvfn_inner.o ABSOLUTE
    ../clib/signal.c                         0x00000000   Number         0  defsig_cppl_inner.o ABSOLUTE
    ../clib/signal.c                         0x00000000   Number         0  defsig_segv_inner.o ABSOLUTE
    ../clib/signal.c                         0x00000000   Number         0  defsig_other.o ABSOLUTE
    ../clib/signal.c                         0x00000000   Number         0  defsig_exit.o ABSOLUTE
    ../clib/signal.c                         0x00000000   Number         0  defsig_rtred_inner.o ABSOLUTE
    ../clib/signal.s                         0x00000000   Number         0  defsig.o ABSOLUTE
    ../clib/stdlib.c                         0x00000000   Number         0  exit.o ABSOLUTE
    ../fplib/fpinit.s                        0x00000000   Number         0  fpinit.o ABSOLUTE
    ..\..\stm32vldiscovery_package\Libraries\CMSIS\CM3\CoreSupport\core_cm3.c 0x00000000   Number         0  core_cm3.o ABSOLUTE
    ..\..\stm32vldiscovery_package\Libraries\CMSIS\CM3\DeviceSupport\ST\STM32F10x\startup\arm\startup_stm32f10x_md_vl.s 0x00000000   Number         0  startup_stm32f10x_md_vl.o ABSOLUTE
    ..\..\stm32vldiscovery_package\Libraries\CMSIS\CM3\DeviceSupport\ST\STM32F10x\system_stm32f10x.c 0x00000000   Number         0  system_stm32f10x.o ABSOLUTE
    ..\..\stm32vldiscovery_package\Libraries\STM32F10x_StdPeriph_Driver\src\misc.c 0x00000000   Number         0  misc.o ABSOLUTE
    ..\..\stm32vldiscovery_package\Libraries\STM32F10x_StdPeriph_Driver\src\stm32f10x_exti.c 0x00000000   Number         0  stm32f10x_exti.o ABSOLUTE
    ..\..\stm32vldiscovery_package\Libraries\STM32F10x_StdPeriph_Driver\src\stm32f10x_gpio.c 0x00000000   Number         0  stm32f10x_gpio.o ABSOLUTE
    ..\..\stm32vldiscovery_package\Libraries\STM32F10x_StdPeriph_Driver\src\stm32f10x_rcc.c 0x00000000   Number         0  stm32f10x_rcc.o ABSOLUTE
    ..\..\stm32vldiscovery_package\Libraries\STM32F10x_StdPeriph_Driver\src\stm32f10x_tim.c 0x00000000   Number         0  stm32f10x_tim.o ABSOLUTE
    ..\\..\\stm32vldiscovery_package\\Libraries\\CMSIS\\CM3\\CoreSupport\\core_cm3.c 0x00000000   Number         0  core_cm3.o ABSOLUTE
    USER\main.c                              0x00000000   Number         0  main.o ABSOLUTE
    USER\stm32f10x_it.c                      0x00000000   Number         0  stm32f10x_it.o ABSOLUTE
    dc.s                                     0x00000000   Number         0  dc.o ABSOLUTE
    RESET                                    0x08000000   Section      288  startup_stm32f10x_md_vl.o(RESET)
    !!!main                                  0x08000120   Section        8  __main.o(!!!main)
    !!!scatter                               0x08000128   Section       52  __scatter.o(!!!scatter)
    !!dczerorl2                              0x0800015c   Section       90  __dczerorl2.o(!!dczerorl2)
    !!handler_zi                             0x080001b8   Section       28  __scatter_zi.o(!!handler_zi)
    .ARM.Collect$$libinit$$00000000          0x080001d4   Section        2  libinit.o(.ARM.Collect$$libinit$$00000000)
    .ARM.Collect$$libinit$$00000002          0x080001d6   Section        0  libinit2.o(.ARM.Collect$$libinit$$00000002)
    .ARM.Collect$$libinit$$00000008          0x080001d6   Section        0  libinit2.o(.ARM.Collect$$libinit$$00000008)
    .ARM.Collect$$libinit$$0000000A          0x080001d6   Section        0  libinit2.o(.ARM.Collect$$libinit$$0000000A)
    .ARM.Collect$$libinit$$0000000C          0x080001d6   Section        0  libinit2.o(.ARM.Collect$$libinit$$0000000C)
    .ARM.Collect$$libinit$$0000000F          0x080001d6   Section        0  libinit2.o(.ARM.Collect$$libinit$$0000000F)
    .ARM.Collect$$libinit$$00000011          0x080001d6   Section        0  libinit2.o(.ARM.Collect$$libinit$$00000011)
    .ARM.Collect$$libinit$$00000013          0x080001d6   Section        0  libinit2.o(.ARM.Collect$$libinit$$00000013)
    .ARM.Collect$$libinit$$00000015          0x080001d6   Section        0  libinit2.o(.ARM.Collect$$libinit$$00000015)
    .ARM.Collect$$libinit$$00000017          0x080001d6   Section        0  libinit2.o(.ARM.Collect$$libinit$$00000017)
    .ARM.Collect$$libinit$$00000019          0x080001d6   Section        0  libinit2.o(.ARM.Collect$$libinit$$00000019)
    .ARM.Collect$$libinit$$0000001B          0x080001d6   Section        0  libinit2.o(.ARM.Collect$$libinit$$0000001B)
    .ARM.Collect$$libinit$$0000001D          0x080001d6   Section        0  libinit2.o(.ARM.Collect$$libinit$$0000001D)
    .ARM.Collect$$libinit$$0000001F          0x080001d6   Section        0  libinit2.o(.ARM.Collect$$libinit$$0000001F)
    .ARM.Collect$$libinit$$00000021          0x080001d6   Section        0  libinit2.o(.ARM.Collect$$libinit$$00000021)
    .ARM.Collect$$libinit$$00000023          0x080001d6   Section        0  libinit2.o(.ARM.Collect$$libinit$$00000023)
    .ARM.Collect$$libinit$$0000002A          0x080001d6   Section        0  libinit2.o(.ARM.Collect$$libinit$$0000002A)
    .ARM.Collect$$libinit$$0000002C          0x080001d6   Section        0  libinit2.o(.ARM.Collect$$libinit$$0000002C)
    .ARM.Collect$$libinit$$0000002E          0x080001d6   Section        0  libinit2.o(.ARM.Collect$$libinit$$0000002E)
    .ARM.Collect$$libinit$$00000030          0x080001d6   Section        0  libinit2.o(.ARM.Collect$$libinit$$00000030)
    .ARM.Collect$$libinit$$00000031          0x080001d6   Section        2  libinit2.o(.ARM.Collect$$libinit$$00000031)
    .ARM.Collect$$libshutdown$$00000000      0x080001d8   Section        2  libshutdown.o(.ARM.Collect$$libshutdown$$00000000)
    .ARM.Collect$$libshutdown$$00000003      0x080001da   Section        0  libshutdown2.o(.ARM.Collect$$libshutdown$$00000003)
    .ARM.Collect$$libshutdown$$00000006      0x080001da   Section        0  libshutdown2.o(.ARM.Collect$$libshutdown$$00000006)
    .ARM.Collect$$libshutdown$$00000009      0x080001da   Section        0  libshutdown2.o(.ARM.Collect$$libshutdown$$00000009)
    .ARM.Collect$$libshutdown$$0000000B      0x080001da   Section        0  libshutdown2.o(.ARM.Collect$$libshutdown$$0000000B)
    .ARM.Collect$$libshutdown$$0000000E      0x080001da   Section        0  libshutdown2.o(.ARM.Collect$$libshutdown$$0000000E)
    .ARM.Collect$$libshutdown$$0000000F      0x080001da   Section        2  libshutdown2.o(.ARM.Collect$$libshutdown$$0000000F)
    .ARM.Collect$$rtentry$$00000000          0x080001dc   Section        0  rtentry.o(.ARM.Collect$$rtentry$$00000000)
    .ARM.Collect$$rtentry$$00000002          0x080001dc   Section        0  rtentry2.o(.ARM.Collect$$rtentry$$00000002)
    .ARM.Collect$$rtentry$$00000004          0x080001dc   Section        6  rtentry4.o(.ARM.Collect$$rtentry$$00000004)
    .ARM.Collect$$rtentry$$00000009          0x080001e2   Section        0  rtentry2.o(.ARM.Collect$$rtentry$$00000009)
    .ARM.Collect$$rtentry$$0000000A          0x080001e2   Section        4  rtentry2.o(.ARM.Collect$$rtentry$$0000000A)
    .ARM.Collect$$rtentry$$0000000C          0x080001e6   Section        0  rtentry2.o(.ARM.Collect$$rtentry$$0000000C)
    .ARM.Collect$$rtentry$$0000000D          0x080001e6   Section        8  rtentry2.o(.ARM.Collect$$rtentry$$0000000D)
    .ARM.Collect$$rtexit$$00000000           0x080001ee   Section        2  rtexit.o(.ARM.Collect$$rtexit$$00000000)
    .ARM.Collect$$rtexit$$00000002           0x080001f0   Section        0  rtexit2.o(.ARM.Collect$$rtexit$$00000002)
    .ARM.Collect$$rtexit$$00000003           0x080001f0   Section        4  rtexit2.o(.ARM.Collect$$rtexit$$00000003)
    .ARM.Collect$$rtexit$$00000004           0x080001f4   Section        6  rtexit2.o(.ARM.Collect$$rtexit$$00000004)
    .text                                    0x080001fc   Section        0  main.o(.text)
    .text                                    0x08000578   Section        0  stm32f10x_it.o(.text)
    .text                                    0x08000590   Section        0  system_stm32f10x.o(.text)
    SetSysClockTo24                          0x08000591   Thumb Code   178  system_stm32f10x.o(.text)
    SetSysClock                              0x08000643   Thumb Code     8  system_stm32f10x.o(.text)
    .text                                    0x0800073c   Section        0  stm32f10x_tim.o(.text)
    TI4_Config                               0x08000be3   Thumb Code    80  stm32f10x_tim.o(.text)
    TI3_Config                               0x08000c45   Thumb Code    72  stm32f10x_tim.o(.text)
    TI2_Config                               0x08000ca7   Thumb Code    80  stm32f10x_tim.o(.text)
    TI1_Config                               0x08000d09   Thumb Code    56  stm32f10x_tim.o(.text)
    .text                                    0x08001458   Section        0  misc.o(.text)
    .text                                    0x08001534   Section        0  stm32f10x_gpio.o(.text)
    .text                                    0x08001890   Section        0  stm32f10x_rcc.o(.text)
    .text                                    0x08001c54   Section        0  stm32f10x_exti.o(.text)
    .text                                    0x08001d70   Section       64  startup_stm32f10x_md_vl.o(.text)
    .text                                    0x08001db0   Section        0  heapauxi.o(.text)
    .text                                    0x08001db6   Section       74  sys_stackheap_outer.o(.text)
    .text                                    0x08001e00   Section        0  exit.o(.text)
    .text                                    0x08001e0c   Section        8  libspace.o(.text)
    .text                                    0x08001e14   Section        0  sys_exit.o(.text)
    .text                                    0x08001e20   Section        2  use_no_semi.o(.text)
    .text                                    0x08001e22   Section        0  indicate_semi.o(.text)
    .data                                    0x20000000   Section     4140  main.o(.data)
    .data                                    0x2000102c   Section       20  system_stm32f10x.o(.data)
    .data                                    0x20001040   Section       20  stm32f10x_rcc.o(.data)
    APBAHBPrescTable                         0x20001040   Data          16  stm32f10x_rcc.o(.data)
    ADCPrescTable                            0x20001050   Data           4  stm32f10x_rcc.o(.data)
    .bss                                     0x20001054   Section      730  main.o(.bss)
    .bss                                     0x20001330   Section       96  libspace.o(.bss)
    HEAP                                     0x20001390   Section      512  startup_stm32f10x_md_vl.o(HEAP)
    Heap_Mem                                 0x20001390   Data         512  startup_stm32f10x_md_vl.o(HEAP)
    STACK                                    0x20001590   Section     1024  startup_stm32f10x_md_vl.o(STACK)
    Stack_Mem                                0x20001590   Data        1024  startup_stm32f10x_md_vl.o(STACK)
    __initial_sp                             0x20001990   Data           0  startup_stm32f10x_md_vl.o(STACK)

    Global Symbols

    Symbol Name                              Value     Ov Type        Size  Object(Section)

    BuildAttributes$$THM_ISAv4$P$D$K$B$S$PE$A:L22UL41UL21$X:L11$S22US41US21$IEEE1$IW$USESV6$~STKCKD$USESV7$~SHL$OSPACE$ROPI$EBA8$UX$STANDARDLIB$REQ8$PRES8$EABIv2 0x00000000   Number         0  anon$$obj.o ABSOLUTE
    __ARM_use_no_argv                        0x00000000   Number         0  main.o ABSOLUTE
    __ARM_exceptions_init                     - Undefined Weak Reference
    __alloca_initialize                       - Undefined Weak Reference
    __cpp_initialize__aeabi_                  - Undefined Weak Reference
    __cxa_finalize                            - Undefined Weak Reference
    __rt_locale                               - Undefined Weak Reference
    __sigvec_lookup                           - Undefined Weak Reference
    _atexit_init                              - Undefined Weak Reference
    _call_atexit_fns                          - Undefined Weak Reference
    _clock_init                               - Undefined Weak Reference
    _fp_trap_init                             - Undefined Weak Reference
    _fp_trap_shutdown                         - Undefined Weak Reference
    _get_lc_collate                           - Undefined Weak Reference
    _get_lc_ctype                             - Undefined Weak Reference
    _get_lc_monetary                          - Undefined Weak Reference
    _get_lc_numeric                           - Undefined Weak Reference
    _get_lc_time                              - Undefined Weak Reference
    _getenv_init                              - Undefined Weak Reference
    _handle_redirection                       - Undefined Weak Reference
    _init_alloc                               - Undefined Weak Reference
    _init_user_alloc                          - Undefined Weak Reference
    _initio                                   - Undefined Weak Reference
    _rand_init                                - Undefined Weak Reference
    _signal_finish                            - Undefined Weak Reference
    _signal_init                              - Undefined Weak Reference
    _terminate_alloc                          - Undefined Weak Reference
    _terminate_user_alloc                     - Undefined Weak Reference
    _terminateio                              - Undefined Weak Reference
    __Vectors_Size                           0x00000120   Number         0  startup_stm32f10x_md_vl.o ABSOLUTE
    __Vectors                                0x08000000   Data           4  startup_stm32f10x_md_vl.o(RESET)
    __Vectors_End                            0x08000120   Data           0  startup_stm32f10x_md_vl.o(RESET)
    __main                                   0x08000121   Thumb Code     8  __main.o(!!!main)
    __scatterload                            0x08000129   Thumb Code     0  __scatter.o(!!!scatter)
    __scatterload_rt2                        0x08000129   Thumb Code    44  __scatter.o(!!!scatter)
    __scatterload_rt2_thumb_only             0x08000129   Thumb Code     0  __scatter.o(!!!scatter)
    __scatterload_null                       0x08000137   Thumb Code     0  __scatter.o(!!!scatter)
    __decompress                             0x0800015d   Thumb Code    90  __dczerorl2.o(!!dczerorl2)
    __decompress1                            0x0800015d   Thumb Code     0  __dczerorl2.o(!!dczerorl2)
    __scatterload_zeroinit                   0x080001b9   Thumb Code    28  __scatter_zi.o(!!handler_zi)
    __rt_lib_init                            0x080001d5   Thumb Code     0  libinit.o(.ARM.Collect$$libinit$$00000000)
    __rt_lib_init_alloca_1                   0x080001d7   Thumb Code     0  libinit2.o(.ARM.Collect$$libinit$$0000002C)
    __rt_lib_init_argv_1                     0x080001d7   Thumb Code     0  libinit2.o(.ARM.Collect$$libinit$$0000002A)
    __rt_lib_init_atexit_1                   0x080001d7   Thumb Code     0  libinit2.o(.ARM.Collect$$libinit$$00000019)
    __rt_lib_init_clock_1                    0x080001d7   Thumb Code     0  libinit2.o(.ARM.Collect$$libinit$$0000001F)
    __rt_lib_init_cpp_1                      0x080001d7   Thumb Code     0  libinit2.o(.ARM.Collect$$libinit$$00000030)
    __rt_lib_init_exceptions_1               0x080001d7   Thumb Code     0  libinit2.o(.ARM.Collect$$libinit$$0000002E)
    __rt_lib_init_fp_1                       0x080001d7   Thumb Code     0  libinit2.o(.ARM.Collect$$libinit$$00000002)
    __rt_lib_init_fp_trap_1                  0x080001d7   Thumb Code     0  libinit2.o(.ARM.Collect$$libinit$$0000001D)
    __rt_lib_init_getenv_1                   0x080001d7   Thumb Code     0  libinit2.o(.ARM.Collect$$libinit$$00000021)
    __rt_lib_init_heap_1                     0x080001d7   Thumb Code     0  libinit2.o(.ARM.Collect$$libinit$$00000008)
    __rt_lib_init_lc_collate_1               0x080001d7   Thumb Code     0  libinit2.o(.ARM.Collect$$libinit$$0000000F)
    __rt_lib_init_lc_ctype_1                 0x080001d7   Thumb Code     0  libinit2.o(.ARM.Collect$$libinit$$00000011)
    __rt_lib_init_lc_monetary_1              0x080001d7   Thumb Code     0  libinit2.o(.ARM.Collect$$libinit$$00000013)
    __rt_lib_init_lc_numeric_1               0x080001d7   Thumb Code     0  libinit2.o(.ARM.Collect$$libinit$$00000015)
    __rt_lib_init_lc_time_1                  0x080001d7   Thumb Code     0  libinit2.o(.ARM.Collect$$libinit$$00000017)
    __rt_lib_init_rand_1                     0x080001d7   Thumb Code     0  libinit2.o(.ARM.Collect$$libinit$$0000000C)
    __rt_lib_init_return                     0x080001d7   Thumb Code     0  libinit2.o(.ARM.Collect$$libinit$$00000031)
    __rt_lib_init_signal_1                   0x080001d7   Thumb Code     0  libinit2.o(.ARM.Collect$$libinit$$0000001B)
    __rt_lib_init_stdio_1                    0x080001d7   Thumb Code     0  libinit2.o(.ARM.Collect$$libinit$$00000023)
    __rt_lib_init_user_alloc_1               0x080001d7   Thumb Code     0  libinit2.o(.ARM.Collect$$libinit$$0000000A)
    __rt_lib_shutdown                        0x080001d9   Thumb Code     0  libshutdown.o(.ARM.Collect$$libshutdown$$00000000)
    __rt_lib_shutdown_fp_trap_1              0x080001db   Thumb Code     0  libshutdown2.o(.ARM.Collect$$libshutdown$$00000006)
    __rt_lib_shutdown_heap_1                 0x080001db   Thumb Code     0  libshutdown2.o(.ARM.Collect$$libshutdown$$0000000E)
    __rt_lib_shutdown_return                 0x080001db   Thumb Code     0  libshutdown2.o(.ARM.Collect$$libshutdown$$0000000F)
    __rt_lib_shutdown_signal_1               0x080001db   Thumb Code     0  libshutdown2.o(.ARM.Collect$$libshutdown$$00000009)
    __rt_lib_shutdown_stdio_1                0x080001db   Thumb Code     0  libshutdown2.o(.ARM.Collect$$libshutdown$$00000003)
    __rt_lib_shutdown_user_alloc_1           0x080001db   Thumb Code     0  libshutdown2.o(.ARM.Collect$$libshutdown$$0000000B)
    __rt_entry                               0x080001dd   Thumb Code     0  rtentry.o(.ARM.Collect$$rtentry$$00000000)
    __rt_entry_presh_1                       0x080001dd   Thumb Code     0  rtentry2.o(.ARM.Collect$$rtentry$$00000002)
    __rt_entry_sh                            0x080001dd   Thumb Code     0  rtentry4.o(.ARM.Collect$$rtentry$$00000004)
    __rt_entry_li                            0x080001e3   Thumb Code     0  rtentry2.o(.ARM.Collect$$rtentry$$0000000A)
    __rt_entry_postsh_1                      0x080001e3   Thumb Code     0  rtentry2.o(.ARM.Collect$$rtentry$$00000009)
    __rt_entry_main                          0x080001e7   Thumb Code     0  rtentry2.o(.ARM.Collect$$rtentry$$0000000D)
    __rt_entry_postli_1                      0x080001e7   Thumb Code     0  rtentry2.o(.ARM.Collect$$rtentry$$0000000C)
    __rt_exit                                0x080001ef   Thumb Code     0  rtexit.o(.ARM.Collect$$rtexit$$00000000)
    __rt_exit_ls                             0x080001f1   Thumb Code     0  rtexit2.o(.ARM.Collect$$rtexit$$00000003)
    __rt_exit_prels_1                        0x080001f1   Thumb Code     0  rtexit2.o(.ARM.Collect$$rtexit$$00000002)
    __rt_exit_exit                           0x080001f5   Thumb Code     0  rtexit2.o(.ARM.Collect$$rtexit$$00000004)
    Put_16bits                               0x080001fd   Thumb Code     8  main.o(.text)
    NVIC_Config                              0x08000205   Thumb Code    76  main.o(.text)
    TIM_Config                               0x08000251   Thumb Code    82  main.o(.text)
    GPIO_Config                              0x080002a3   Thumb Code   108  main.o(.text)
    RCC_Config                               0x0800030f   Thumb Code    20  main.o(.text)
    main                                     0x08000323   Thumb Code    56  main.o(.text)
    ClearDisplay                             0x0800035b   Thumb Code    24  main.o(.text)
    Update_Time                              0x08000373   Thumb Code   154  main.o(.text)
    Font_conversion                          0x0800040d   Thumb Code    52  main.o(.text)
    UpdateString                             0x08000441   Thumb Code    72  main.o(.text)
    TIM2_IRQHandler                          0x08000489   Thumb Code    32  main.o(.text)
    TIM3_IRQHandler                          0x080004a9   Thumb Code    46  main.o(.text)
    EXTI1_IRQHandler                         0x080004d7   Thumb Code    96  main.o(.text)
    NMI_Handler                              0x08000579   Thumb Code     2  stm32f10x_it.o(.text)
    HardFault_Handler                        0x0800057b   Thumb Code     4  stm32f10x_it.o(.text)
    MemManage_Handler                        0x0800057f   Thumb Code     4  stm32f10x_it.o(.text)
    BusFault_Handler                         0x08000583   Thumb Code     4  stm32f10x_it.o(.text)
    UsageFault_Handler                       0x08000587   Thumb Code     4  stm32f10x_it.o(.text)
    SVC_Handler                              0x0800058b   Thumb Code     2  stm32f10x_it.o(.text)
    DebugMon_Handler                         0x0800058d   Thumb Code     2  stm32f10x_it.o(.text)
    PendSV_Handler                           0x0800058f   Thumb Code     2  stm32f10x_it.o(.text)
    SystemInit                               0x0800064b   Thumb Code    74  system_stm32f10x.o(.text)
    SystemCoreClockUpdate                    0x08000695   Thumb Code   138  system_stm32f10x.o(.text)
    TIM_DeInit                               0x0800073d   Thumb Code   424  stm32f10x_tim.o(.text)
    TIM_TimeBaseInit                         0x080008e5   Thumb Code   122  stm32f10x_tim.o(.text)
    TIM_OC1Init                              0x0800095f   Thumb Code   132  stm32f10x_tim.o(.text)
    TIM_OC2Init                              0x080009e3   Thumb Code   154  stm32f10x_tim.o(.text)
    TIM_OC3Init                              0x08000a7d   Thumb Code   150  stm32f10x_tim.o(.text)
    TIM_OC4Init                              0x08000b13   Thumb Code   182  stm32f10x_tim.o(.text)
    TIM_SetIC4Prescaler                      0x08000bc9   Thumb Code    26  stm32f10x_tim.o(.text)
    TIM_SetIC3Prescaler                      0x08000c33   Thumb Code    18  stm32f10x_tim.o(.text)
    TIM_SetIC2Prescaler                      0x08000c8d   Thumb Code    26  stm32f10x_tim.o(.text)
    TIM_SetIC1Prescaler                      0x08000cf7   Thumb Code    18  stm32f10x_tim.o(.text)
    TIM_ICInit                               0x08000d41   Thumb Code   110  stm32f10x_tim.o(.text)
    TIM_PWMIConfig                           0x08000daf   Thumb Code   124  stm32f10x_tim.o(.text)
    TIM_BDTRConfig                           0x08000e2b   Thumb Code    32  stm32f10x_tim.o(.text)
    TIM_TimeBaseStructInit                   0x08000e4b   Thumb Code    18  stm32f10x_tim.o(.text)
    TIM_OCStructInit                         0x08000e5d   Thumb Code    20  stm32f10x_tim.o(.text)
    TIM_ICStructInit                         0x08000e71   Thumb Code    18  stm32f10x_tim.o(.text)
    TIM_BDTRStructInit                       0x08000e83   Thumb Code    18  stm32f10x_tim.o(.text)
    TIM_Cmd                                  0x08000e95   Thumb Code    24  stm32f10x_tim.o(.text)
    TIM_CtrlPWMOutputs                       0x08000ead   Thumb Code    30  stm32f10x_tim.o(.text)
    TIM_ITConfig                             0x08000ecb   Thumb Code    18  stm32f10x_tim.o(.text)
    TIM_GenerateEvent                        0x08000edd   Thumb Code     4  stm32f10x_tim.o(.text)
    TIM_DMAConfig                            0x08000ee1   Thumb Code    10  stm32f10x_tim.o(.text)
    TIM_DMACmd                               0x08000eeb   Thumb Code    18  stm32f10x_tim.o(.text)
    TIM_InternalClockConfig                  0x08000efd   Thumb Code    12  stm32f10x_tim.o(.text)
    TIM_SelectInputTrigger                   0x08000f09   Thumb Code    18  stm32f10x_tim.o(.text)
    TIM_ITRxExternalClockConfig              0x08000f1b   Thumb Code    24  stm32f10x_tim.o(.text)
    TIM_TIxExternalClockConfig               0x08000f33   Thumb Code    62  stm32f10x_tim.o(.text)
    TIM_ETRConfig                            0x08000f71   Thumb Code    36  stm32f10x_tim.o(.text)
    TIM_ETRClockMode1Config                  0x08000f95   Thumb Code    54  stm32f10x_tim.o(.text)
    TIM_ETRClockMode2Config                  0x08000fcb   Thumb Code    32  stm32f10x_tim.o(.text)
    TIM_PrescalerConfig                      0x08000feb   Thumb Code     6  stm32f10x_tim.o(.text)
    TIM_CounterModeConfig                    0x08000ff1   Thumb Code    18  stm32f10x_tim.o(.text)
    TIM_EncoderInterfaceConfig               0x08001003   Thumb Code    66  stm32f10x_tim.o(.text)
    TIM_ForcedOC1Config                      0x08001045   Thumb Code    18  stm32f10x_tim.o(.text)
    TIM_ForcedOC2Config                      0x08001057   Thumb Code    26  stm32f10x_tim.o(.text)
    TIM_ForcedOC3Config                      0x08001071   Thumb Code    18  stm32f10x_tim.o(.text)
    TIM_ForcedOC4Config                      0x08001083   Thumb Code    26  stm32f10x_tim.o(.text)
    TIM_ARRPreloadConfig                     0x0800109d   Thumb Code    24  stm32f10x_tim.o(.text)
    TIM_SelectCOM                            0x080010b5   Thumb Code    24  stm32f10x_tim.o(.text)
    TIM_SelectCCDMA                          0x080010cd   Thumb Code    24  stm32f10x_tim.o(.text)
    TIM_CCPreloadControl                     0x080010e5   Thumb Code    24  stm32f10x_tim.o(.text)
    TIM_OC1PreloadConfig                     0x080010fd   Thumb Code    18  stm32f10x_tim.o(.text)
    TIM_OC2PreloadConfig                     0x0800110f   Thumb Code    26  stm32f10x_tim.o(.text)
    TIM_OC3PreloadConfig                     0x08001129   Thumb Code    18  stm32f10x_tim.o(.text)
    TIM_OC4PreloadConfig                     0x0800113b   Thumb Code    26  stm32f10x_tim.o(.text)
    TIM_OC1FastConfig                        0x08001155   Thumb Code    18  stm32f10x_tim.o(.text)
    TIM_OC2FastConfig                        0x08001167   Thumb Code    26  stm32f10x_tim.o(.text)
    TIM_OC3FastConfig                        0x08001181   Thumb Code    18  stm32f10x_tim.o(.text)
    TIM_OC4FastConfig                        0x08001193   Thumb Code    26  stm32f10x_tim.o(.text)
    TIM_ClearOC1Ref                          0x080011ad   Thumb Code    18  stm32f10x_tim.o(.text)
    TIM_ClearOC2Ref                          0x080011bf   Thumb Code    24  stm32f10x_tim.o(.text)
    TIM_ClearOC3Ref                          0x080011d7   Thumb Code    18  stm32f10x_tim.o(.text)
    TIM_ClearOC4Ref                          0x080011e9   Thumb Code    24  stm32f10x_tim.o(.text)
    TIM_OC1PolarityConfig                    0x08001201   Thumb Code    18  stm32f10x_tim.o(.text)
    TIM_OC1NPolarityConfig                   0x08001213   Thumb Code    18  stm32f10x_tim.o(.text)
    TIM_OC2PolarityConfig                    0x08001225   Thumb Code    26  stm32f10x_tim.o(.text)
    TIM_OC2NPolarityConfig                   0x0800123f   Thumb Code    26  stm32f10x_tim.o(.text)
    TIM_OC3PolarityConfig                    0x08001259   Thumb Code    26  stm32f10x_tim.o(.text)
    TIM_OC3NPolarityConfig                   0x08001273   Thumb Code    26  stm32f10x_tim.o(.text)
    TIM_OC4PolarityConfig                    0x0800128d   Thumb Code    26  stm32f10x_tim.o(.text)
    TIM_CCxCmd                               0x080012a7   Thumb Code    30  stm32f10x_tim.o(.text)
    TIM_CCxNCmd                              0x080012c5   Thumb Code    30  stm32f10x_tim.o(.text)
    TIM_SelectOCxM                           0x080012e3   Thumb Code    82  stm32f10x_tim.o(.text)
    TIM_UpdateDisableConfig                  0x08001335   Thumb Code    24  stm32f10x_tim.o(.text)
    TIM_UpdateRequestConfig                  0x0800134d   Thumb Code    24  stm32f10x_tim.o(.text)
    TIM_SelectHallSensor                     0x08001365   Thumb Code    24  stm32f10x_tim.o(.text)
    TIM_SelectOnePulseMode                   0x0800137d   Thumb Code    18  stm32f10x_tim.o(.text)
    TIM_SelectOutputTrigger                  0x0800138f   Thumb Code    18  stm32f10x_tim.o(.text)
    TIM_SelectSlaveMode                      0x080013a1   Thumb Code    18  stm32f10x_tim.o(.text)
    TIM_SelectMasterSlaveMode                0x080013b3   Thumb Code    18  stm32f10x_tim.o(.text)
    TIM_SetCounter                           0x080013c5   Thumb Code     4  stm32f10x_tim.o(.text)
    TIM_SetAutoreload                        0x080013c9   Thumb Code     4  stm32f10x_tim.o(.text)
    TIM_SetCompare1                          0x080013cd   Thumb Code     4  stm32f10x_tim.o(.text)
    TIM_SetCompare2                          0x080013d1   Thumb Code     4  stm32f10x_tim.o(.text)
    TIM_SetCompare3                          0x080013d5   Thumb Code     4  stm32f10x_tim.o(.text)
    TIM_SetCompare4                          0x080013d9   Thumb Code     6  stm32f10x_tim.o(.text)
    TIM_SetClockDivision                     0x080013df   Thumb Code    18  stm32f10x_tim.o(.text)
    TIM_GetCapture1                          0x080013f1   Thumb Code     6  stm32f10x_tim.o(.text)
    TIM_GetCapture2                          0x080013f7   Thumb Code     6  stm32f10x_tim.o(.text)
    TIM_GetCapture3                          0x080013fd   Thumb Code     6  stm32f10x_tim.o(.text)
    TIM_GetCapture4                          0x08001403   Thumb Code     8  stm32f10x_tim.o(.text)
    TIM_GetCounter                           0x0800140b   Thumb Code     6  stm32f10x_tim.o(.text)
    TIM_GetPrescaler                         0x08001411   Thumb Code     6  stm32f10x_tim.o(.text)
    TIM_GetFlagStatus                        0x08001417   Thumb Code    18  stm32f10x_tim.o(.text)
    TIM_ClearFlag                            0x08001429   Thumb Code     6  stm32f10x_tim.o(.text)
    TIM_GetITStatus                          0x0800142f   Thumb Code    34  stm32f10x_tim.o(.text)
    TIM_ClearITPendingBit                    0x08001451   Thumb Code     6  stm32f10x_tim.o(.text)
    NVIC_PriorityGroupConfig                 0x08001459   Thumb Code    10  misc.o(.text)
    NVIC_Init                                0x08001463   Thumb Code   100  misc.o(.text)
    NVIC_SetVectorTable                      0x080014c7   Thumb Code    14  misc.o(.text)
    NVIC_SystemLPConfig                      0x080014d5   Thumb Code    34  misc.o(.text)
    SysTick_CLKSourceConfig                  0x080014f7   Thumb Code    40  misc.o(.text)
    GPIO_DeInit                              0x08001535   Thumb Code   172  stm32f10x_gpio.o(.text)
    GPIO_AFIODeInit                          0x080015e1   Thumb Code    20  stm32f10x_gpio.o(.text)
    GPIO_Init                                0x080015f5   Thumb Code   278  stm32f10x_gpio.o(.text)
    GPIO_StructInit                          0x0800170b   Thumb Code    16  stm32f10x_gpio.o(.text)
    GPIO_ReadInputDataBit                    0x0800171b   Thumb Code    18  stm32f10x_gpio.o(.text)
    GPIO_ReadInputData                       0x0800172d   Thumb Code     8  stm32f10x_gpio.o(.text)
    GPIO_ReadOutputDataBit                   0x08001735   Thumb Code    18  stm32f10x_gpio.o(.text)
    GPIO_ReadOutputData                      0x08001747   Thumb Code     8  stm32f10x_gpio.o(.text)
    GPIO_SetBits                             0x0800174f   Thumb Code     4  stm32f10x_gpio.o(.text)
    GPIO_ResetBits                           0x08001753   Thumb Code     4  stm32f10x_gpio.o(.text)
    GPIO_WriteBit                            0x08001757   Thumb Code    10  stm32f10x_gpio.o(.text)
    GPIO_Write                               0x08001761   Thumb Code     4  stm32f10x_gpio.o(.text)
    GPIO_PinLockConfig                       0x08001765   Thumb Code    18  stm32f10x_gpio.o(.text)
    GPIO_EventOutputConfig                   0x08001777   Thumb Code    26  stm32f10x_gpio.o(.text)
    GPIO_EventOutputCmd                      0x08001791   Thumb Code     6  stm32f10x_gpio.o(.text)
    GPIO_PinRemapConfig                      0x08001797   Thumb Code   138  stm32f10x_gpio.o(.text)
    GPIO_EXTILineConfig                      0x08001821   Thumb Code    66  stm32f10x_gpio.o(.text)
    GPIO_ETH_MediaInterfaceConfig            0x08001863   Thumb Code     8  stm32f10x_gpio.o(.text)
    RCC_DeInit                               0x08001891   Thumb Code    68  stm32f10x_rcc.o(.text)
    RCC_HSEConfig                            0x080018d5   Thumb Code    70  stm32f10x_rcc.o(.text)
    RCC_GetFlagStatus                        0x0800191b   Thumb Code    56  stm32f10x_rcc.o(.text)
    RCC_WaitForHSEStartUp                    0x08001953   Thumb Code    56  stm32f10x_rcc.o(.text)
    RCC_AdjustHSICalibrationValue            0x0800198b   Thumb Code    20  stm32f10x_rcc.o(.text)
    RCC_HSICmd                               0x0800199f   Thumb Code     6  stm32f10x_rcc.o(.text)
    RCC_PLLConfig                            0x080019a5   Thumb Code    24  stm32f10x_rcc.o(.text)
    RCC_PLLCmd                               0x080019bd   Thumb Code     6  stm32f10x_rcc.o(.text)
    RCC_PREDIV1Config                        0x080019c3   Thumb Code    24  stm32f10x_rcc.o(.text)
    RCC_SYSCLKConfig                         0x080019db   Thumb Code    18  stm32f10x_rcc.o(.text)
    RCC_GetSYSCLKSource                      0x080019ed   Thumb Code    10  stm32f10x_rcc.o(.text)
    RCC_HCLKConfig                           0x080019f7   Thumb Code    18  stm32f10x_rcc.o(.text)
    RCC_PCLK1Config                          0x08001a09   Thumb Code    18  stm32f10x_rcc.o(.text)
    RCC_PCLK2Config                          0x08001a1b   Thumb Code    20  stm32f10x_rcc.o(.text)
    RCC_ITConfig                             0x08001a2f   Thumb Code    26  stm32f10x_rcc.o(.text)
    RCC_USBCLKConfig                         0x08001a49   Thumb Code     8  stm32f10x_rcc.o(.text)
    RCC_ADCCLKConfig                         0x08001a51   Thumb Code    18  stm32f10x_rcc.o(.text)
    RCC_LSEConfig                            0x08001a63   Thumb Code    50  stm32f10x_rcc.o(.text)
    RCC_LSICmd                               0x08001a95   Thumb Code     6  stm32f10x_rcc.o(.text)
    RCC_RTCCLKConfig                         0x08001a9b   Thumb Code    12  stm32f10x_rcc.o(.text)
    RCC_RTCCLKCmd                            0x08001aa7   Thumb Code     8  stm32f10x_rcc.o(.text)
    RCC_GetClocksFreq                        0x08001aaf   Thumb Code   190  stm32f10x_rcc.o(.text)
    RCC_AHBPeriphClockCmd                    0x08001b6d   Thumb Code    26  stm32f10x_rcc.o(.text)
    RCC_APB2PeriphClockCmd                   0x08001b87   Thumb Code    26  stm32f10x_rcc.o(.text)
    RCC_APB1PeriphClockCmd                   0x08001ba1   Thumb Code    26  stm32f10x_rcc.o(.text)
    RCC_APB2PeriphResetCmd                   0x08001bbb   Thumb Code    26  stm32f10x_rcc.o(.text)
    RCC_APB1PeriphResetCmd                   0x08001bd5   Thumb Code    26  stm32f10x_rcc.o(.text)
    RCC_BackupResetCmd                       0x08001bef   Thumb Code     8  stm32f10x_rcc.o(.text)
    RCC_ClockSecuritySystemCmd               0x08001bf7   Thumb Code     6  stm32f10x_rcc.o(.text)
    RCC_MCOConfig                            0x08001bfd   Thumb Code     6  stm32f10x_rcc.o(.text)
    RCC_ClearFlag                            0x08001c03   Thumb Code    14  stm32f10x_rcc.o(.text)
    RCC_GetITStatus                          0x08001c11   Thumb Code    20  stm32f10x_rcc.o(.text)
    RCC_ClearITPendingBit                    0x08001c25   Thumb Code     6  stm32f10x_rcc.o(.text)
    EXTI_DeInit                              0x08001c55   Thumb Code    28  stm32f10x_exti.o(.text)
    EXTI_Init                                0x08001c71   Thumb Code   142  stm32f10x_exti.o(.text)
    EXTI_StructInit                          0x08001cff   Thumb Code    16  stm32f10x_exti.o(.text)
    EXTI_GenerateSWInterrupt                 0x08001d0f   Thumb Code    16  stm32f10x_exti.o(.text)
    EXTI_GetFlagStatus                       0x08001d1f   Thumb Code    22  stm32f10x_exti.o(.text)
    EXTI_ClearFlag                           0x08001d35   Thumb Code     8  stm32f10x_exti.o(.text)
    EXTI_GetITStatus                         0x08001d3d   Thumb Code    34  stm32f10x_exti.o(.text)
    EXTI_ClearITPendingBit                   0x08001d5f   Thumb Code     8  stm32f10x_exti.o(.text)
    Reset_Handler                            0x08001d71   Thumb Code     8  startup_stm32f10x_md_vl.o(.text)
    SysTick_Handler                          0x08001d89   Thumb Code     2  startup_stm32f10x_md_vl.o(.text)
    ADC1_IRQHandler                          0x08001d8b   Thumb Code     0  startup_stm32f10x_md_vl.o(.text)
    CEC_IRQHandler                           0x08001d8b   Thumb Code     0  startup_stm32f10x_md_vl.o(.text)
    DMA1_Channel1_IRQHandler                 0x08001d8b   Thumb Code     0  startup_stm32f10x_md_vl.o(.text)
    DMA1_Channel2_IRQHandler                 0x08001d8b   Thumb Code     0  startup_stm32f10x_md_vl.o(.text)
    DMA1_Channel3_IRQHandler                 0x08001d8b   Thumb Code     0  startup_stm32f10x_md_vl.o(.text)
    DMA1_Channel4_IRQHandler                 0x08001d8b   Thumb Code     0  startup_stm32f10x_md_vl.o(.text)
    DMA1_Channel5_IRQHandler                 0x08001d8b   Thumb Code     0  startup_stm32f10x_md_vl.o(.text)
    DMA1_Channel6_IRQHandler                 0x08001d8b   Thumb Code     0  startup_stm32f10x_md_vl.o(.text)
    DMA1_Channel7_IRQHandler                 0x08001d8b   Thumb Code     0  startup_stm32f10x_md_vl.o(.text)
    EXTI0_IRQHandler                         0x08001d8b   Thumb Code     0  startup_stm32f10x_md_vl.o(.text)
    EXTI15_10_IRQHandler                     0x08001d8b   Thumb Code     0  startup_stm32f10x_md_vl.o(.text)
    EXTI2_IRQHandler                         0x08001d8b   Thumb Code     0  startup_stm32f10x_md_vl.o(.text)
    EXTI3_IRQHandler                         0x08001d8b   Thumb Code     0  startup_stm32f10x_md_vl.o(.text)
    EXTI4_IRQHandler                         0x08001d8b   Thumb Code     0  startup_stm32f10x_md_vl.o(.text)
    EXTI9_5_IRQHandler                       0x08001d8b   Thumb Code     0  startup_stm32f10x_md_vl.o(.text)
    FLASH_IRQHandler                         0x08001d8b   Thumb Code     0  startup_stm32f10x_md_vl.o(.text)
    I2C1_ER_IRQHandler                       0x08001d8b   Thumb Code     0  startup_stm32f10x_md_vl.o(.text)
    I2C1_EV_IRQHandler                       0x08001d8b   Thumb Code     0  startup_stm32f10x_md_vl.o(.text)
    I2C2_ER_IRQHandler                       0x08001d8b   Thumb Code     0  startup_stm32f10x_md_vl.o(.text)
    I2C2_EV_IRQHandler                       0x08001d8b   Thumb Code     0  startup_stm32f10x_md_vl.o(.text)
    PVD_IRQHandler                           0x08001d8b   Thumb Code     0  startup_stm32f10x_md_vl.o(.text)
    RCC_IRQHandler                           0x08001d8b   Thumb Code     0  startup_stm32f10x_md_vl.o(.text)
    RTCAlarm_IRQHandler                      0x08001d8b   Thumb Code     0  startup_stm32f10x_md_vl.o(.text)
    RTC_IRQHandler                           0x08001d8b   Thumb Code     0  startup_stm32f10x_md_vl.o(.text)
    SPI1_IRQHandler                          0x08001d8b   Thumb Code     0  startup_stm32f10x_md_vl.o(.text)
    SPI2_IRQHandler                          0x08001d8b   Thumb Code     0  startup_stm32f10x_md_vl.o(.text)
    TAMPER_IRQHandler                        0x08001d8b   Thumb Code     0  startup_stm32f10x_md_vl.o(.text)
    TIM1_BRK_TIM15_IRQHandler                0x08001d8b   Thumb Code     0  startup_stm32f10x_md_vl.o(.text)
    TIM1_CC_IRQHandler                       0x08001d8b   Thumb Code     0  startup_stm32f10x_md_vl.o(.text)
    TIM1_TRG_COM_TIM17_IRQHandler            0x08001d8b   Thumb Code     0  startup_stm32f10x_md_vl.o(.text)
    TIM1_UP_TIM16_IRQHandler                 0x08001d8b   Thumb Code     0  startup_stm32f10x_md_vl.o(.text)
    TIM4_IRQHandler                          0x08001d8b   Thumb Code     0  startup_stm32f10x_md_vl.o(.text)
    TIM6_DAC_IRQHandler                      0x08001d8b   Thumb Code     0  startup_stm32f10x_md_vl.o(.text)
    TIM7_IRQHandler                          0x08001d8b   Thumb Code     0  startup_stm32f10x_md_vl.o(.text)
    USART1_IRQHandler                        0x08001d8b   Thumb Code     0  startup_stm32f10x_md_vl.o(.text)
    USART2_IRQHandler                        0x08001d8b   Thumb Code     0  startup_stm32f10x_md_vl.o(.text)
    USART3_IRQHandler                        0x08001d8b   Thumb Code     0  startup_stm32f10x_md_vl.o(.text)
    WWDG_IRQHandler                          0x08001d8b   Thumb Code     0  startup_stm32f10x_md_vl.o(.text)
    __user_initial_stackheap                 0x08001d8d   Thumb Code     0  startup_stm32f10x_md_vl.o(.text)
    __use_two_region_memory                  0x08001db1   Thumb Code     2  heapauxi.o(.text)
    __rt_heap_escrow$2region                 0x08001db3   Thumb Code     2  heapauxi.o(.text)
    __rt_heap_expand$2region                 0x08001db5   Thumb Code     2  heapauxi.o(.text)
    __user_setup_stackheap                   0x08001db7   Thumb Code    74  sys_stackheap_outer.o(.text)
    exit                                     0x08001e01   Thumb Code    12  exit.o(.text)
    __user_libspace                          0x08001e0d   Thumb Code     8  libspace.o(.text)
    __user_perproc_libspace                  0x08001e0d   Thumb Code     0  libspace.o(.text)
    __user_perthread_libspace                0x08001e0d   Thumb Code     0  libspace.o(.text)
    _sys_exit                                0x08001e15   Thumb Code     8  sys_exit.o(.text)
    __I$use$semihosting                      0x08001e21   Thumb Code     0  use_no_semi.o(.text)
    __use_no_semihosting_swi                 0x08001e21   Thumb Code     2  use_no_semi.o(.text)
    __semihosting_library_function           0x08001e23   Thumb Code     0  indicate_semi.o(.text)
    Region$$Table$$Base                      0x08001e24   Number         0  anon$$obj.o(Region$$Table)
    Region$$Table$$Limit                     0x08001e44   Number         0  anon$$obj.o(Region$$Table)
    hour_hand                                0x20000000   Data          16  main.o(.data)
    min_hand                                 0x20000010   Data          16  main.o(.data)
    sec_hand                                 0x20000020   Data          16  main.o(.data)
    font_data_table                          0x20000030   Data        4080  main.o(.data)
    caidat_GPIO                              0x20001020   Data           4  main.o(.data)
    colum_val                                0x20001024   Data           2  main.o(.data)
    round_val                                0x20001026   Data           2  main.o(.data)
    auto_adjust_val                          0x20001028   Data           2  main.o(.data)
    previous_adjust_val                      0x2000102a   Data           2  main.o(.data)
    SystemCoreClock                          0x2000102c   Data           4  system_stm32f10x.o(.data)
    AHBPrescTable                            0x20001030   Data          16  system_stm32f10x.o(.data)
    display_matrix                           0x20001054   Data         720  main.o(.bss)
    caidat_chung_TIM                         0x20001324   Data          10  main.o(.bss)
    __libspace_start                         0x20001330   Data          96  libspace.o(.bss)
    __temporary_stack_top$libspace           0x20001390   Data           0  libspace.o(.bss)



==============================================================================

Memory Map of the image

  Image Entry point : 0x08001d71

  Load Region LR_1 (Base: 0x08000000, Size: 0x00002e98, Max: 0xffffffff, ABSOLUTE, COMPRESSED[0x00001e94])

    Execution Region ER_RO (Base: 0x08000000, Size: 0x00001e44, Max: 0xffffffff, ABSOLUTE)

    Base Addr    Size         Type   Attr      Idx    E Section Name        Object

    0x08000000   0x00000120   Data   RO          162    RESET               startup_stm32f10x_md_vl.o
    0x08000120   0x00000008   Code   RO          171  * !!!main             c_w.l(__main.o)
    0x08000128   0x00000034   Code   RO          327    !!!scatter          c_w.l(__scatter.o)
    0x0800015c   0x0000005a   Code   RO          325    !!dczerorl2         c_w.l(__dczerorl2.o)
    0x080001b6   0x00000002   PAD
    0x080001b8   0x0000001c   Code   RO          329    !!handler_zi        c_w.l(__scatter_zi.o)
    0x080001d4   0x00000002   Code   RO          198    .ARM.Collect$$libinit$$00000000  c_w.l(libinit.o)
    0x080001d6   0x00000000   Code   RO          205    .ARM.Collect$$libinit$$00000002  c_w.l(libinit2.o)
    0x080001d6   0x00000000   Code   RO          208    .ARM.Collect$$libinit$$00000008  c_w.l(libinit2.o)
    0x080001d6   0x00000000   Code   RO          210    .ARM.Collect$$libinit$$0000000A  c_w.l(libinit2.o)
    0x080001d6   0x00000000   Code   RO          212    .ARM.Collect$$libinit$$0000000C  c_w.l(libinit2.o)
    0x080001d6   0x00000000   Code   RO          215    .ARM.Collect$$libinit$$0000000F  c_w.l(libinit2.o)
    0x080001d6   0x00000000   Code   RO          217    .ARM.Collect$$libinit$$00000011  c_w.l(libinit2.o)
    0x080001d6   0x00000000   Code   RO          219    .ARM.Collect$$libinit$$00000013  c_w.l(libinit2.o)
    0x080001d6   0x00000000   Code   RO          221    .ARM.Collect$$libinit$$00000015  c_w.l(libinit2.o)
    0x080001d6   0x00000000   Code   RO          223    .ARM.Collect$$libinit$$00000017  c_w.l(libinit2.o)
    0x080001d6   0x00000000   Code   RO          225    .ARM.Collect$$libinit$$00000019  c_w.l(libinit2.o)
    0x080001d6   0x00000000   Code   RO          227    .ARM.Collect$$libinit$$0000001B  c_w.l(libinit2.o)
    0x080001d6   0x00000000   Code   RO          229    .ARM.Collect$$libinit$$0000001D  c_w.l(libinit2.o)
    0x080001d6   0x00000000   Code   RO          231    .ARM.Collect$$libinit$$0000001F  c_w.l(libinit2.o)
    0x080001d6   0x00000000   Code   RO          233    .ARM.Collect$$libinit$$00000021  c_w.l(libinit2.o)
    0x080001d6   0x00000000   Code   RO          235    .ARM.Collect$$libinit$$00000023  c_w.l(libinit2.o)
    0x080001d6   0x00000000   Code   RO          239    .ARM.Collect$$libinit$$0000002A  c_w.l(libinit2.o)
    0x080001d6   0x00000000   Code   RO          241    .ARM.Collect$$libinit$$0000002C  c_w.l(libinit2.o)
    0x080001d6   0x00000000   Code   RO          243    .ARM.Collect$$libinit$$0000002E  c_w.l(libinit2.o)
    0x080001d6   0x00000000   Code   RO          245    .ARM.Collect$$libinit$$00000030  c_w.l(libinit2.o)
    0x080001d6   0x00000002   Code   RO          246    .ARM.Collect$$libinit$$00000031  c_w.l(libinit2.o)
    0x080001d8   0x00000002   Code   RO          266    .ARM.Collect$$libshutdown$$00000000  c_w.l(libshutdown.o)
    0x080001da   0x00000000   Code   RO          280    .ARM.Collect$$libshutdown$$00000003  c_w.l(libshutdown2.o)
    0x080001da   0x00000000   Code   RO          283    .ARM.Collect$$libshutdown$$00000006  c_w.l(libshutdown2.o)
    0x080001da   0x00000000   Code   RO          286    .ARM.Collect$$libshutdown$$00000009  c_w.l(libshutdown2.o)
    0x080001da   0x00000000   Code   RO          288    .ARM.Collect$$libshutdown$$0000000B  c_w.l(libshutdown2.o)
    0x080001da   0x00000000   Code   RO          291    .ARM.Collect$$libshutdown$$0000000E  c_w.l(libshutdown2.o)
    0x080001da   0x00000002   Code   RO          292    .ARM.Collect$$libshutdown$$0000000F  c_w.l(libshutdown2.o)
    0x080001dc   0x00000000   Code   RO          173    .ARM.Collect$$rtentry$$00000000  c_w.l(rtentry.o)
    0x080001dc   0x00000000   Code   RO          175    .ARM.Collect$$rtentry$$00000002  c_w.l(rtentry2.o)
    0x080001dc   0x00000006   Code   RO          187    .ARM.Collect$$rtentry$$00000004  c_w.l(rtentry4.o)
    0x080001e2   0x00000000   Code   RO          177    .ARM.Collect$$rtentry$$00000009  c_w.l(rtentry2.o)
    0x080001e2   0x00000004   Code   RO          178    .ARM.Collect$$rtentry$$0000000A  c_w.l(rtentry2.o)
    0x080001e6   0x00000000   Code   RO          180    .ARM.Collect$$rtentry$$0000000C  c_w.l(rtentry2.o)
    0x080001e6   0x00000008   Code   RO          181    .ARM.Collect$$rtentry$$0000000D  c_w.l(rtentry2.o)
    0x080001ee   0x00000002   Code   RO          202    .ARM.Collect$$rtexit$$00000000  c_w.l(rtexit.o)
    0x080001f0   0x00000000   Code   RO          248    .ARM.Collect$$rtexit$$00000002  c_w.l(rtexit2.o)
    0x080001f0   0x00000004   Code   RO          249    .ARM.Collect$$rtexit$$00000003  c_w.l(rtexit2.o)
    0x080001f4   0x00000006   Code   RO          250    .ARM.Collect$$rtexit$$00000004  c_w.l(rtexit2.o)
    0x080001fa   0x00000002   PAD
    0x080001fc   0x0000037c   Code   RO            1    .text               main.o
    0x08000578   0x00000018   Code   RO           54    .text               stm32f10x_it.o
    0x08000590   0x000001ac   Code   RO           80    .text               system_stm32f10x.o
    0x0800073c   0x00000d1a   Code   RO           98    .text               stm32f10x_tim.o
    0x08001456   0x00000002   PAD
    0x08001458   0x000000dc   Code   RO          110    .text               misc.o
    0x08001534   0x0000035c   Code   RO          122    .text               stm32f10x_gpio.o
    0x08001890   0x000003c4   Code   RO          134    .text               stm32f10x_rcc.o
    0x08001c54   0x0000011c   Code   RO          148    .text               stm32f10x_exti.o
    0x08001d70   0x00000040   Code   RO          163  * .text               startup_stm32f10x_md_vl.o
    0x08001db0   0x00000006   Code   RO          169    .text               c_w.l(heapauxi.o)
    0x08001db6   0x0000004a   Code   RO          189    .text               c_w.l(sys_stackheap_outer.o)
    0x08001e00   0x0000000c   Code   RO          191    .text               c_w.l(exit.o)
    0x08001e0c   0x00000008   Code   RO          199    .text               c_w.l(libspace.o)
    0x08001e14   0x0000000c   Code   RO          258    .text               c_w.l(sys_exit.o)
    0x08001e20   0x00000002   Code   RO          269    .text               c_w.l(use_no_semi.o)
    0x08001e22   0x00000000   Code   RO          271    .text               c_w.l(indicate_semi.o)
    0x08001e22   0x00000002   PAD
    0x08001e24   0x00000020   Data   RO          323    Region$$Table       anon$$obj.o


    Execution Region ER_RW (Base: 0x20000000, Size: 0x00001054, Max: 0xffffffff, ABSOLUTE, COMPRESSED[0x00000050])

    Base Addr    Size         Type   Attr      Idx    E Section Name        Object

    0x20000000   0x0000102c   Data   RW            3    .data               main.o
    0x2000102c   0x00000014   Data   RW           81    .data               system_stm32f10x.o
    0x20001040   0x00000014   Data   RW          135    .data               stm32f10x_rcc.o


    Execution Region ER_ZI (Base: 0x20001054, Size: 0x0000093c, Max: 0xffffffff, ABSOLUTE)

    Base Addr    Size         Type   Attr      Idx    E Section Name        Object

    0x20001054   0x000002da   Zero   RW            2    .bss                main.o
    0x2000132e   0x00000002   PAD
    0x20001330   0x00000060   Zero   RW          200    .bss                c_w.l(libspace.o)
    0x20001390   0x00000200   Zero   RW          161    HEAP                startup_stm32f10x_md_vl.o
    0x20001590   0x00000400   Zero   RW          160    STACK               startup_stm32f10x_md_vl.o


==============================================================================

Image component sizes


      Code (inc. data)   RO Data    RW Data    ZI Data      Debug   Object Name

         0          0          0          0          0         32   core_cm3.o
       892         72          0       4140        730     252885   main.o
       220         22          0          0          0       1981   misc.o
        64         26        288          0       1536        940   startup_stm32f10x_md_vl.o
       284         10          0          0          0       2419   stm32f10x_exti.o
       860         38          0          0          0       5829   stm32f10x_gpio.o
        24          0          0          0          0       1074   stm32f10x_it.o
       964         42          0         20          0       9362   stm32f10x_rcc.o
      3354         74          0          0          0      22112   stm32f10x_tim.o
       428         30          0         20          0       2103   system_stm32f10x.o

    ----------------------------------------------------------------------
      7092        314        320       4180       2268     298737   Object Totals
         0          0         32          0          0          0   (incl. Generated)
         2          0          0          0          2          0   (incl. Padding)

    ----------------------------------------------------------------------

      Code (inc. data)   RO Data    RW Data    ZI Data      Debug   Library Member Name

        90          0          0          0          0          0   __dczerorl2.o
         8          0          0          0          0         68   __main.o
        52          8          0          0          0          0   __scatter.o
        28          0          0          0          0          0   __scatter_zi.o
        12          0          0          0          0         72   exit.o
         6          0          0          0          0        152   heapauxi.o
         0          0          0          0          0          0   indicate_semi.o
         2          0          0          0          0          0   libinit.o
         2          0          0          0          0          0   libinit2.o
         2          0          0          0          0          0   libshutdown.o
         2          0          0          0          0          0   libshutdown2.o
         8          4          0          0         96         68   libspace.o
         0          0          0          0          0          0   rtentry.o
        12          0          0          0          0          0   rtentry2.o
         6          0          0          0          0          0   rtentry4.o
         2          0          0          0          0          0   rtexit.o
        10          0          0          0          0          0   rtexit2.o
        12          4          0          0          0         68   sys_exit.o
        74          0          0          0          0         80   sys_stackheap_outer.o
         2          0          0          0          0         68   use_no_semi.o

    ----------------------------------------------------------------------
       336         16          0          0         96        576   Library Totals
         6          0          0          0          0          0   (incl. Padding)

    ----------------------------------------------------------------------

      Code (inc. data)   RO Data    RW Data    ZI Data      Debug   Library Name

       330         16          0          0         96        576   c_w.l

    ----------------------------------------------------------------------
       336         16          0          0         96        576   Library Totals

    ----------------------------------------------------------------------

==============================================================================


      Code (inc. data)   RO Data    RW Data    ZI Data      Debug   

      7428        330        320       4180       2364     298425   Grand Totals
      7428        330        320         80       2364     298425   ELF Image Totals (compressed)
      7428        330        320         80          0          0   ROM Totals

==============================================================================

    Total RO  Size (Code + RO Data)                 7748 (   7.57kB)
    Total RW  Size (RW Data + ZI Data)              6544 (   6.39kB)
    Total ROM Size (Code + RO Data + RW Data)       7828 (   7.64kB)

==============================================================================

